// Jest Snapshot v1, https://goo.gl/fbAQLP

exports[`should render with expenses 1`] = `
<div>
  <select
    onClick={[Function]}
  >
    <option
      value="amount"
    >
      Amount
    </option>
    <option
      value="date"
    >
      Date
    </option>
  </select>
  <h1>
    Expense List
  </h1>
  <ExpenseListItem
    amount={123}
    createdAt={0}
    description="Gum"
    id="1"
    key="1"
    note=""
  />
  <ExpenseListItem
    amount={1934}
    createdAt={-604800000}
    description="Rent"
    id="2"
    key="2"
    note=""
  />
  <ExpenseListItem
    amount={12}
    createdAt={345600000}
    description="Credit Card"
    id="3"
    key="3"
    note=""
  />
</div>
`;
