// Jest Snapshot v1, https://goo.gl/fbAQLP

exports[`should render Dishes page 1`] = `
<div>
  <Connect(DishesFilterForm) />
  <div
    key="0"
  >
    <Connect(DishItem)
      description="test description"
      price={5.5}
      title="4 Cheeses"
    />
    <button
      onClick={[Function]}
    >
      +
    </button>
  </div>
  <div
    key="1"
  >
    <Connect(DishItem)
      description="test description"
      price={7}
      title="Margherita"
    />
    <button
      onClick={[Function]}
    >
      +
    </button>
  </div>
  <div
    key="2"
  >
    <Connect(DishItem)
      description="test description"
      price={6.5}
      title="Al Taglio"
    />
    <button
      onClick={[Function]}
    >
      +
    </button>
  </div>
  <div
    key="3"
  >
    <Connect(DishItem)
      description="test description"
      price={6}
      title="Quattro"
    />
    <button
      onClick={[Function]}
    >
      +
    </button>
  </div>
  <div
    key="4"
  >
    <Connect(DishItem)
      description="test description"
      price={6.5}
      title="Ravioli"
    />
    <button
      onClick={[Function]}
    >
      +
    </button>
  </div>
  <div
    key="5"
  >
    <Connect(DishItem)
      description="test description"
      price={6.5}
      title="Fettuccini"
    />
    <button
      onClick={[Function]}
    >
      +
    </button>
  </div>
  <div
    key="6"
  >
    <Connect(DishItem)
      description="test description"
      price={7}
      title="Rigatoni"
    />
    <button
      onClick={[Function]}
    >
      +
    </button>
  </div>
  <div
    key="7"
  >
    <Connect(DishItem)
      description="test description"
      price={5.5}
      title="Linguine"
    />
    <button
      onClick={[Function]}
    >
      +
    </button>
  </div>
  <div
    key="8"
  >
    <Connect(DishItem)
      description="test description"
      price={7.5}
      title="Penne"
    />
    <button
      onClick={[Function]}
    >
      +
    </button>
  </div>
  <div
    key="9"
  >
    <Connect(DishItem)
      description="test description"
      price={4}
      title="Serradura"
    />
    <button
      onClick={[Function]}
    >
      +
    </button>
  </div>
  <div
    key="10"
  >
    <Connect(DishItem)
      description="test description"
      price={4.5}
      title="Clafoutis"
    />
    <button
      onClick={[Function]}
    >
      +
    </button>
  </div>
  <div
    key="11"
  >
    <Connect(DishItem)
      description="test description"
      price={4}
      title="Cremeschnitte"
    />
    <button
      onClick={[Function]}
    >
      +
    </button>
  </div>
  <div
    key="12"
  >
    <Connect(DishItem)
      description="test description"
      price={5}
      title="Crema Catalana"
    />
    <button
      onClick={[Function]}
    >
      +
    </button>
  </div>
  <div
    key="13"
  >
    <Connect(DishItem)
      description="test description"
      price={6}
      title="Crêpe Suzette"
    />
    <button
      onClick={[Function]}
    >
      +
    </button>
  </div>
  ;
</div>
`;
