// Jest Snapshot v1, https://goo.gl/fbAQLP

exports[`should render the editExpensePage component properly 1`] = `
<div>
  <ExpenseForm
    expense={
      Object {
        "amount": 123,
        "createdAt": 0,
        "description": "Gum",
        "id": "1",
        "note": "",
      }
    }
    onFormSubmit={[Function]}
  />
  <button
    onClick={[Function]}
  >
    Remove
  </button>
</div>
`;
